Script started on Sun 17 May 2015 07:14:31 PM PDT
~
donei003@hammer $ cs100
[0;91m
===============================================================================
|                                                                             |
| You have enabled settings specific for cs100.  Everything you do is being   |
| recorded to measure your progress in the class.                             |
|                                                                             |
| Important commands for the class:                                           |
|   * calcgrade.sh          displays a detailed breakdown of your grade       |
|   * checksyscalls.sh      is your cpp file doing proper error checking?     |
|   * typespeed             practice typing unix commands                     |
|                                                                             |
| Important commands for general C++ programming:                             |
|   * make                  don't call g++ manually; let make do the work!    |
|   * gdb                   the GNU debugger                                  |
|   * valgrind              get rid of your memory leaks                      |
|   * cppcheck              static analysis tool                              |
|   * man                   find help about any syscall / terminal command    |
|                                                                             |
===============================================================================
[0m
[s%%%%%%%%%%[u[0;32mdonei003[0;36m@[0;32mcs100[0;36m:[0;32m~[0;95m [0;36m$[0m cd rshell; make;cler[Kar; bin/rshell
mkdir bin -p
g++ -std=c++11 -Wall -Werror -ansi -pedantic src/main.cpp -o bin/rshell
mkdir bin -p
g++ -std=c++11 -Wall -Werror -ansi -pedantic src/ls.cpp -o bin/ls
mkdir bin -p
g++ -std=c++11 -Wall -Werror -ansi -pedantic src/cp.cpp -o bin/cp
mkdir bin -p
g++ -std=c++11 -Wall -Werror -ansi -pedantic src/mv.cpp -o bin/mv
[H[2J$ #Start with io redirection
$ ls
bin  f1  f2  f3  LICENSE  makefile  README.md  src  test
$ ls > f1
$ cat <f1   f1
bin
f1
f2
f3
LICENSE
makefile
README.md
src
test
$ ls -al > f1 > f2 > f3 #last file has higher precedence
$ cat f1
$ cat f2
$ cat f3
total 48
drwx------  6 donei003 csmajs  4096 May 17 19:07 .
drwx------ 56 donei003 csmajs 16384 May 17 18:58 ..
drwx------  2 donei003 csmajs  4096 May 17 19:08 bin
-rw-------  1 donei003 csmajs     0 May 17 19:09 f1
-rw-------  1 donei003 csmajs     0 May 17 19:09 f2
-rw-------  1 donei003 csmajs     0 May 17 19:09 f3
drwx------  8 donei003 csmajs  4096 May 17 19:07 .git
-rw-------  1 donei003 csmajs  1063 May  6 15:46 LICENSE
-rw-------  1 donei003 csmajs   483 May  6 17:04 makefile
-rw-------  1 donei003 csmajs  3301 May 17 18:58 README.md
drwx------  2 donei003 csmajs  4096 May 17 18:40 src
drwx------  2 donei003 csmajs  4096 May 17 19:08 test
$ cat < f3 | c   > f1 # Multipke         Input with O output redirection
$ cat < f1
total 48
drwx------  6 donei003 csmajs  4096 May 17 19:07 .
drwx------ 56 donei003 csmajs 16384 May 17 18:58 ..
drwx------  2 donei003 csmajs  4096 May 17 19:08 bin
-rw-------  1 donei003 csmajs     0 May 17 19:09 f1
-rw-------  1 donei003 csmajs     0 May 17 19:09 f2
-rw-------  1 donei003 csmajs     0 May 17 19:09 f3
drwx------  8 donei003 csmajs  4096 May 17 19:07 .git
-rw-------  1 donei003 csmajs  1063 May  6 15:46 LICENSE
-rw-------  1 donei003 csmajs   483 May  6 17:04 makefile
-rw-------  1 donei003 csmajs  3301 May 17 18:58 README.md
drwx------  2 donei003 csmajs  4096 May 17 18:40 src
drwx------  2 donei003 csmajs  4096 May 17 19:08 test
$ ps>f1>f2>f3 #Spacing doesn't matter
$ cat < f3
  PID TTY          TIME CMD
16464 pts/27   00:00:00 bash
16543 pts/27   00:00:00 rshell
16980 pts/27   00:00:00 ps
$ ps   >    f1    >    f2    >    f3
$ cat < f3
  PID TTY          TIME CMD
16464 pts/27   00:00:00 bash
16543 pts/27   00:00:00 rshell
17003 pts/27   00:00:00 ps
$ #Now, for piping
$ #Which has higher priot rity than io redirection
$ ls|cat
bin
f1
f2
f3
LICENSE
makefile
README.md
src
test
$ ps         |                  cat      #Spacing l also doesn't matter
  PID TTY          TIME CMD
16464 pts/27   00:00:00 bash
16543 pts/27   00:00:00 rshell
17169 pts/27   00:00:00 ps
17170 pts/27   00:00:00 cat
$ pstree |    |cat|cat|cat|cat #Muli tiple pipes work just fine
init-+-auditd---{auditd}
     |-automount---6*[{automount}]
     |-avahi-daemon---avahi-daemon
     |-console-kit-dae---63*[{console-kit-da}]
     |-crond
     |-cupsd
     |-dbus-daemon
     |-devkit-power-da
     |-dhclient
     |-irqbalance
     |-master-+-pickup
     |        `-qmgr
     |-6*[mingetty]
     |-polkitd
     |-portreserve
     |-rpc.statd
     |-rpcbind
     |-rsyslogd---4*[{rsyslogd}]
     |-sshd-+-2*[sshd---sshd---bash---script---script---bash---rshell]
     |      |-15*[sshd---sshd---bash---script---script---bash---vim]
     |      |-3*[sshd---sshd---bash]
     |      |-14*[sshd---sshd---bash---script---script---bash]
     |      |-4*[sshd---sshd---sftp-server]
     |      |-sshd---sshd---bash---script---script---bash---script---script---bash---rshell---rshell
     |      |-sshd---sshd
     |      |-sshd---sshd---bash---script---script---bash---a.out
     |      |-sshd---sshd---bash---script---script---bash---make---gdb-+-make---gdb---rshell
     |      |                                                          `-rshell
     |      |-sshd---sshd---bash---script---script---bash---gdb---a.out
     |      `-sshd---sshd---bash---script---script---bash---script---script---bash---script---script---bash---rshell-+-4*[cat]
     |                                                                                                               `-pstree
     |-udevd
     `-ypbind---2*[{ypbind}]
$ pstree|cat|cat> |grep do  ssh  >1 f1
$ cat f1  < f1
     |-sshd-+-sshd---sshd---bash---script---script---bash---rshell---script---script---bash---script---script---bash
     |      |-14*[sshd---sshd---bash---script---script---bash---vim]
     |      |-3*[sshd---sshd---bash]
     |      |-14*[sshd---sshd---bash---script---script---bash]
     |      |-4*[sshd---sshd---sftp-server]
     |      |-sshd---sshd---bash---script---script---bash---script---script---bash---rshell---rshell
     |      |-sshd---sshd---bash---script---script---bash---rshell
     |      |-sshd---sshd---bash---script---script---bash---a.out
     |      |-sshd---sshd---bash---script---script---bash---make---gdb-+-make---gdb---rshell
     |      |-sshd---sshd---bash---script---script---bash---man---sh---sh---less
     |      |-sshd---sshd---bash---script---script---bash---gdb---a.out
     |      `-sshd---sshd---bash---script---script---bash---script---script---bash---script---script---bash---rshell-+-2*[cat]
$ ls > f1
$ ps > f2
$ cat < f1 | cat < f2 | cat #Showing which has hg            how   which cat gets higher priority
bin
f1
f2
f3
LICENSE
makefile
README.md
src
test
$ ls >>       ps >> f1 | cat | grep f
$ cat f1
bin
f1
f2
f3
LICENSE
makefile
README.md
src
test
$ grep    ps -ef | grep donei003 | grep ssh | cat | cat > f1
$ cat f1
root      4714  2462  0 18:35 ?        00:00:00 sshd: donei003 [priv]
donei003  4730  4714  0 18:35 ?        00:00:00 sshd: donei003@pts/59
donei003  4766  4731  0 18:35 pts/59   00:00:00 script -q -c env PS1='\[\e[s%%%%%%%%%%\e[u\]\[\e[0;32m\]\u\[\e[0;36m\]@\[\e[0;32m\]cs100\[\e[0;36m\]:\[\e[0;32m\]\w\[\e[0;95m\]$(__git_ps1) \[\e[0;36m\]$\[\e[0m\] ' bash --norc -i /usr/csshare/cs100/log/gdb/shell-donei003-2015-05-17-18-35-22.StHezRerz
donei003  4779  4766  0 18:35 pts/59   00:00:00 script -q -c env PS1='\[\e[s%%%%%%%%%%\e[u\]\[\e[0;32m\]\u\[\e[0;36m\]@\[\e[0;32m\]cs100\[\e[0;36m\]:\[\e[0;32m\]\w\[\e[0;95m\]$(__git_ps1) \[\e[0;36m\]$\[\e[0m\] ' bash --norc -i /usr/csshare/cs100/log/gdb/shell-donei003-2015-05-17-18-35-22.StHezRerz
donei003 16450 16435  0 19:14 pts/18   00:00:00 script -q -c env PS1='\[\e[s%%%%%%%%%%\e[u\]\[\e[0;32m\]\u\[\e[0;36m\]@\[\e[0;32m\]cs100\[\e[0;36m\]:\[\e[0;32m\]\w\[\e[0;95m\]$(__git_ps1) \[\e[0;36m\]$\[\e[0m\] ' bash --norc -i /usr/csshare/cs100/log/gdb/shell-donei003-2015-05-17-19-14-33.DWt8eJUPK
donei003 16463 16450  0 19:14 pts/18   00:00:00 script -q -c env PS1='\[\e[s%%%%%%%%%%\e[u\]\[\e[0;32m\]\u\[\e[0;36m\]@\[\e[0;32m\]cs100\[\e[0;36m\]:\[\e[0;32m\]\w\[\e[0;95m\]$(__git_ps1) \[\e[0;36m\]$\[\e[0m\] ' bash --norc -i /usr/csshare/cs100/log/gdb/shell-donei003-2015-05-17-19-14-33.DWt8eJUPK
donei003 18226 16543  0 19:26 pts/27   00:00:00 grep ssh
root     45803  2462  0 18:10 ?        00:00:00 sshd: donei003 [priv]
donei003 45822 45803  0 18:10 ?        00:00:00 sshd: donei003@pts/6
donei003 45857 45823  0 18:10 pts/6    00:00:00 script -q -c env PS1='\[\e[s%%%%%%%%%%\e[u\]\[\e[0;32m\]\u\[\e[0;36m\]@\[\e[0;32m\]cs100\[\e[0;36m\]:\[\e[0;32m\]\w\[\e[0;95m\]$(__git_ps1) \[\e[0;36m\]$\[\e[0m\] ' bash --norc -i /usr/csshare/cs100/log/gdb/shell-donei003-2015-05-17-18-10-25.9gE2V3RPl
donei003 45870 45857  0 18:10 pts/6    00:00:00 script -q -c env PS1='\[\e[s%%%%%%%%%%\e[u\]\[\e[0;32m\]\u\[\e[0;36m\]@\[\e[0;32m\]cs100\[\e[0;36m\]:\[\e[0;32m\]\w\[\e[0;95m\]$(__git_ps1) \[\e[0;36m\]$\[\e[0m\] ' bash --norc -i /usr/csshare/cs100/log/gdb/shell-donei003-2015-05-17-18-10-25.9gE2V3RPl
$ ls    #Test cases
$ ls |
$ cat <
$ open: : No such file or directory
ls
$ bin  f1  f2  f3  LICENSE  makefile  README.md  src  test
cat < f4
$ open: : No such file or directory
ls | cat |  
$ ls -al | sed s/May/June/g
total 60
drwx------  6 donei003 csmajs  4096 June 17 19:07 .
drwx------ 56 donei003 csmajs 16384 June 17 18:58 ..
drwx------  2 donei003 csmajs  4096 June 17 19:08 bin
-rw-------  1 donei003 csmajs  2136 June 17 19:19 f1
-rw-------  1 donei003 csmajs   115 June 17 19:16 f2
-rw-------  1 donei003 csmajs   115 June 17 19:11 f3
drwx------  8 donei003 csmajs  4096 June 17 19:07 .git
-rw-------  1 donei003 csmajs  1063 June  6 15:46 LICENSE
-rw-------  1 donei003 csmajs   483 June  6 17:04 makefile
-rw-------  1 donei003 csmajs  3301 June 17 18:58 README.md
drwx------  2 donei003 csmajs  4096 June 17 18:40 src
drwx------  2 donei003 csmajs  4096 June 17 19:08 test
$ #all done
$ exit
Good-bye!
[s%%%%%%%%%%[u[0;32mdonei003[0;36m@[0;32mcs100[0;36m:[0;32m~/rshell[0;95m (hw2) [0;36m$[0m exit
exit
~
donei003@hammer $ exit
exit

Script done on Sun 17 May 2015 07:32:17 PM PDT
