Script started on Sun 17 May 2015 06:47:08 PM PDT
~
donei003@hammer $ cs100
[0;91m
===============================================================================
|                                                                             |
| You have enabled settings specific for cs100.  Everything you do is being   |
| recorded to measure your progress in the class.                             |
|                                                                             |
| Important commands for the class:                                           |
|   * calcgrade.sh          displays a detailed breakdown of your grade       |
|   * checksyscalls.sh      is your cpp file doing proper error checking?     |
|   * typespeed             practice typing unix commands                     |
|                                                                             |
| Important commands for general C++ programming:                             |
|   * make                  don't call g++ manually; let make do the work!    |
|   * gdb                   the GNU debugger                                  |
|   * valgrind              get rid of your memory leaks                      |
|   * cppcheck              static analysis tool                              |
|   * man                   find help about any syscall / terminal command    |
|                                                                             |
===============================================================================
[0m
[s%%%%%%%%%%[u[0;32mdonei003[0;36m@[0;32mcs100[0;36m:[0;32m~[0;95m [0;36m$[0m cd rshell
[s%%%%%%%%%%[u[0;32mdonei003[0;36m@[0;32mcs100[0;36m:[0;32m~/rshell[0;95m (hw2) [0;36m$[0m make
mkdir bin -p
g++ -std=c++11 -Wall -Werror -ansi -pedantic src/main.cpp -o bin/rshell
mkdir bin -p
g++ -std=c++11 -Wall -Werror -ansi -pedantic src/ls.cpp -o bin/ls
mkdir bin -p
g++ -std=c++11 -Wall -Werror -ansi -pedantic src/cp.cpp -o bin/cp
mkdir bin -p
g++ -std=c++11 -Wall -Werror -ansi -pedantic src/mv.cpp -o bin/mv
[s%%%%%%%%%%[u[0;32mdonei003[0;36m@[0;32mcs100[0;36m:[0;32m~/rshell[0;95m (hw2) [0;36m$[0m clear; bin/rshell
[H[2J$ #Begin with io redirection
$ ls
bin  f1  f2  f3  LICENSE  makefile  piping.script  README.md  src  test
$ h echo hello > f1
$ cat < f1
hello
$ echo world     world >> f1
$ cat f2 1
hello
world
$ cat < f1      < f    <f1>f2>f3 #Spacing doesn't matter
$ cat f3
hello
world
$ ca  ls > f1
$ cat    <       f1      >     f2     >   f3          
$ cat < f3
bin
f1
f2
f3
LICENSE
makefile
piping.script
README.md
src
test
$ #That last file has highest precedence
$ echo hi   >  >f1>f2>f3
$ cat f1
$ cat f2
$  c     cat        f3
hi
$ ls -l >> f3 > f1
$ cat f3
hi
$ cat f1
total 24
drwx------ 2 donei003 csmajs 4096 May 17 18:40 bin
-rw------- 1 donei003 csmajs    0 May 17 18:45 f1
-rw------- 1 donei003 csmajs    0 May 17 18:44 f2
-rw------- 1 donei003 csmajs    3 May 17 18:44 f3
-rw------- 1 donei003 csmajs 1063 May  6 15:46 LICENSE
-rw------- 1 donei003 csmajs  483 May  6 17:04 makefile
-rw------- 1 donei003 csmajs    0 May 17 18:40 piping.script
-rw------- 1 donei003 csmajs 3282 May 17 18:16 README.md
drwx------ 2 donei003 csmajs 4096 May 17 18:40 src
drwx------ 2 donei003 csmajs 4096 May 17 18:40 test
$ ls -l >> f3
$ cat f3
hi
total 28
drwx------ 2 donei003 csmajs 4096 May 17 18:40 bin
-rw------- 1 donei003 csmajs  542 May 17 18:45 f1
-rw------- 1 donei003 csmajs    0 May 17 18:44 f2
-rw------- 1 donei003 csmajs    3 May 17 18:44 f3
-rw------- 1 donei003 csmajs 1063 May  6 15:46 LICENSE
-rw------- 1 donei003 csmajs  483 May  6 17:04 makefile
-rw------- 1 donei003 csmajs    0 May 17 18:40 piping.script
-rw------- 1 donei003 csmajs 3282 May 17 18:16 README.md
drwx------ 2 donei003 csmajs 4096 May 17 18:40 src
drwx------ 2 donei003 csmajs 4096 May 17 18:40 test
$ #This is similar to bash, last file has highest priority
$ #Now d for piping
$ ls | cat
bin
f1
f2
f3
LICENSE
makefile
piping.script
README.md
src
test
$ echo hello world > f1
$ cat t<fa 1      ls|cat #Spacing doesn't matter
bin
f1
f2
f3
LICENSE
makefile
piping.script
README.md
src
test
$ cat<f1|cat
world world
$ ls -al|cat
total 52
drwx------  6 donei003 csmajs  4096 May 17 18:40 .
drwx------ 56 donei003 csmajs 16384 May 17 18:40 ..
drwx------  2 donei003 csmajs  4096 May 17 18:40 bin
-rw-------  1 donei003 csmajs    12 May 17 18:47 f1
-rw-------  1 donei003 csmajs     0 May 17 18:44 f2
-rw-------  1 donei003 csmajs   545 May 17 18:45 f3
drwx------  8 donei003 csmajs  4096 May 17 18:28 .git
-rw-------  1 donei003 csmajs  1063 May  6 15:46 LICENSE
-rw-------  1 donei003 csmajs   483 May  6 17:04 makefile
-rw-------  1 donei003 csmajs     0 May 17 18:40 piping.script
-rw-------  1 donei003 csmajs  3282 May 17 18:16 README.md
drwx------  2 donei003 csmajs  4096 May 17 18:40 src
drwx------  2 donei003 csmajs  4096 May 17 18:40 test
$ 0 ps -ef > f1; ca     1    | grep donei003 > f1
$ cat f1
root      4714  2462  0 18:35 ?        00:00:00 sshd: donei003 [priv]
donei003  4730  4714  0 18:35 ?        00:00:00 sshd: donei003@pts/59
donei003  4731  4730  0 18:35 pts/59   00:00:00 -bash
donei003  4766  4731  0 18:35 pts/59   00:00:00 script -q -c env PS1='\[\e[s%%%%%%%%%%\e[u\]\[\e[0;32m\]\u\[\e[0;36m\]@\[\e[0;32m\]cs100\[\e[0;36m\]:\[\e[0;32m\]\w\[\e[0;95m\]$(__git_ps1) \[\e[0;36m\]$\[\e[0m\] ' bash --norc -i /usr/csshare/cs100/log/gdb/shell-donei003-2015-05-17-18-35-22.StHezRerz
donei003  4779  4766  0 18:35 pts/59   00:00:00 script -q -c env PS1='\[\e[s%%%%%%%%%%\e[u\]\[\e[0;32m\]\u\[\e[0;36m\]@\[\e[0;32m\]cs100\[\e[0;36m\]:\[\e[0;32m\]\w\[\e[0;95m\]$(__git_ps1) \[\e[0;36m\]$\[\e[0m\] ' bash --norc -i /usr/csshare/cs100/log/gdb/shell-donei003-2015-05-17-18-35-22.StHezRerz
donei003  4780  4779  0 18:35 pts/67   00:00:00 bash --norc -i
donei003  8995 45871  0 18:47 pts/7    00:00:00 script piping.script
donei003  8997  8995  0 18:47 pts/7    00:00:00 script piping.script
donei003  8998  8997  0 18:47 pts/15   00:00:00 bash -i
donei003  8999  8998  0 18:47 pts/15   00:00:00 script -q -c env PS1='\[\e[s%%%%%%%%%%\e[u\]\[\e[0;32m\]\u\[\e[0;36m\]@\[\e[0;32m\]cs100\[\e[0;36m\]:\[\e[0;32m\]\w\[\e[0;95m\]$(__git_ps1) \[\e[0;36m\]$\[\e[0m\] ' bash --norc -i /usr/csshare/cs100/log/gdb/shell-donei003-2015-05-17-18-47-10.PNuk9WjHQ
donei003  9012  8999  0 18:47 pts/15   00:00:00 script -q -c env PS1='\[\e[s%%%%%%%%%%\e[u\]\[\e[0;32m\]\u\[\e[0;36m\]@\[\e[0;32m\]cs100\[\e[0;36m\]:\[\e[0;32m\]\w\[\e[0;95m\]$(__git_ps1) \[\e[0;36m\]$\[\e[0m\] ' bash --norc -i /usr/csshare/cs100/log/gdb/shell-donei003-2015-05-17-18-47-10.PNuk9WjHQ
donei003  9013  9012  0 18:47 pts/18   00:00:00 bash --norc -i
donei003  9075  9013  0 18:47 pts/18   00:00:00 bin/rshell
donei003 10643  9075  5 18:55 pts/18   00:00:00 ps -ef
donei003 10644  9075  0 18:55 pts/18   00:00:00 grep donei003
root     45803  2462  0 18:10 ?        00:00:00 sshd: donei003 [priv]
donei003 45822 45803  0 18:10 ?        00:00:00 sshd: donei003@pts/6
donei003 45823 45822  0 18:10 pts/6    00:00:00 -bash
donei003 45857 45823  0 18:10 pts/6    00:00:00 script -q -c env PS1='\[\e[s%%%%%%%%%%\e[u\]\[\e[0;32m\]\u\[\e[0;36m\]@\[\e[0;32m\]cs100\[\e[0;36m\]:\[\e[0;32m\]\w\[\e[0;95m\]$(__git_ps1) \[\e[0;36m\]$\[\e[0m\] ' bash --norc -i /usr/csshare/cs100/log/gdb/shell-donei003-2015-05-17-18-10-25.9gE2V3RPl
donei003 45870 45857  0 18:10 pts/6    00:00:00 script -q -c env PS1='\[\e[s%%%%%%%%%%\e[u\]\[\e[0;32m\]\u\[\e[0;36m\]@\[\e[0;32m\]cs100\[\e[0;36m\]:\[\e[0;32m\]\w\[\e[0;95m\]$(__git_ps1) \[\e[0;36m\]$\[\e[0m\] ' bash --norc -i /usr/csshare/cs100/log/gdb/shell-donei003-2015-05-17-18-10-25.9gE2V3RPl
donei003 45871 45870  0 18:10 pts/7    00:00:00 bash --norc -i
$ ps -ef | grep donei003 || ssh      grep ssh
root      4714  2462  0 18:35 ?        00:00:00 sshd: donei003 [priv]
donei003  4730  4714  0 18:35 ?        00:00:00 sshd: donei003@pts/59
donei003  4766  4731  0 18:35 pts/59   00:00:00 script -q -c env PS1='\[\e[s%%%%%%%%%%\e[u\]\[\e[0;32m\]\u\[\e[0;36m\]@\[\e[0;32m\]cs100\[\e[0;36m\]:\[\e[0;32m\]\w\[\e[0;95m\]$(__git_ps1) \[\e[0;36m\]$\[\e[0m\] ' bash --norc -i /usr/csshare/cs100/log/gdb/shell-donei003-2015-05-17-18-35-22.StHezRerz
donei003  4779  4766  0 18:35 pts/59   00:00:00 script -q -c env PS1='\[\e[s%%%%%%%%%%\e[u\]\[\e[0;32m\]\u\[\e[0;36m\]@\[\e[0;32m\]cs100\[\e[0;36m\]:\[\e[0;32m\]\w\[\e[0;95m\]$(__git_ps1) \[\e[0;36m\]$\[\e[0m\] ' bash --norc -i /usr/csshare/cs100/log/gdb/shell-donei003-2015-05-17-18-35-22.StHezRerz
donei003  8999  8998  0 18:47 pts/15   00:00:00 script -q -c env PS1='\[\e[s%%%%%%%%%%\e[u\]\[\e[0;32m\]\u\[\e[0;36m\]@\[\e[0;32m\]cs100\[\e[0;36m\]:\[\e[0;32m\]\w\[\e[0;95m\]$(__git_ps1) \[\e[0;36m\]$\[\e[0m\] ' bash --norc -i /usr/csshare/cs100/log/gdb/shell-donei003-2015-05-17-18-47-10.PNuk9WjHQ
donei003  9012  8999  0 18:47 pts/15   00:00:00 script -q -c env PS1='\[\e[s%%%%%%%%%%\e[u\]\[\e[0;32m\]\u\[\e[0;36m\]@\[\e[0;32m\]cs100\[\e[0;36m\]:\[\e[0;32m\]\w\[\e[0;95m\]$(__git_ps1) \[\e[0;36m\]$\[\e[0m\] ' bash --norc -i /usr/csshare/cs100/log/gdb/shell-donei003-2015-05-17-18-47-10.PNuk9WjHQ
donei003 11840  9075  0 18:56 pts/18   00:00:00 grep ssh
root     45803  2462  0 18:10 ?        00:00:00 sshd: donei003 [priv]
donei003 45822 45803  0 18:10 ?        00:00:00 sshd: donei003@pts/6
donei003 45857 45823  0 18:10 pts/6    00:00:00 script -q -c env PS1='\[\e[s%%%%%%%%%%\e[u\]\[\e[0;32m\]\u\[\e[0;36m\]@\[\e[0;32m\]cs100\[\e[0;36m\]:\[\e[0;32m\]\w\[\e[0;95m\]$(__git_ps1) \[\e[0;36m\]$\[\e[0m\] ' bash --norc -i /usr/csshare/cs100/log/gdb/shell-donei003-2015-05-17-18-10-25.9gE2V3RPl
donei003 45870 45857  0 18:10 pts/6    00:00:00 script -q -c env PS1='\[\e[s%%%%%%%%%%\e[u\]\[\e[0;32m\]\u\[\e[0;36m\]@\[\e[0;32m\]cs100\[\e[0;36m\]:\[\e[0;32m\]\w\[\e[0;95m\]$(__git_ps1) \[\e[0;36m\]$\[\e[0m\] ' bash --norc -i /usr/csshare/cs100/log/gdb/shell-donei003-2015-05-17-18-10-25.9gE2V3RPl
$ pstree | grep donei i003 | cat > f1
$ cat f1
$ ps t  tree | grep donei003
$ ls -al | cat | sed s/May/June/g
total 52
drwx------  6 donei003 csmajs  4096 June 17 18:40 .
drwx------ 56 donei003 csmajs 16384 June 17 18:40 ..
drwx------  2 donei003 csmajs  4096 June 17 18:40 bin
-rw-------  1 donei003 csmajs     0 June 17 18:51 f1
-rw-------  1 donei003 csmajs     0 June 17 18:44 f2
-rw-------  1 donei003 csmajs   545 June 17 18:45 f3
drwx------  8 donei003 csmajs  4096 June 17 18:28 .git
-rw-------  1 donei003 csmajs  1063 June  6 15:46 LICENSE
-rw-------  1 donei003 csmajs   483 June  6 17:04 makefile
-rw-------  1 donei003 csmajs     0 June 17 18:40 piping.script
-rw-------  1 donei003 csmajs  3282 June 17 18:16 README.md
drwx------  2 donei003 csmajs  4096 June 17 18:40 src
drwx------  2 donei003 csmajs  4096 June 17 18:40 test
$ e ls    echo hello world > f1
$ cat  <f1|cat|cat|cc at|cat
world world
$ l s  s  > f1
$ cat < f1 | tree     ee|  | grep bin
bin
$ c ls -al | tee | grep donei003 > f1 | grep f
-rw-------  1 donei003 csmajs     0 May 17 18:55 f1
-rw-------  1 donei003 csmajs     0 May 17 18:44 f2
-rw-------  1 donei003 csmajs   545 May 17 18:45 f3
-rw-------  1 donei003 csmajs   483 May  6 17:04 makefile
$ cat f1
$ #Piping has higher precedence in this shell as seen above
$ history | grep g make
The command could not be executed!: No such file or directory
$ # The histor  y command is not supported
$ exit
Good-bye!
[s%%%%%%%%%%[u[0;32mdonei003[0;36m@[0;32mcs100[0;36m:[0;32m~/rshell[0;95m (hw2) [0;36m$[0m exit
exit
~
donei003@hammer $ exit
exit

Script done on Sun 17 May 2015 07:04:06 PM PDT
